src/pages/Categories.tsx(3,28): error TS7016: Could not find a declaration file for module '../data/mockData'. 'C:/Users/admin/Desktop/Portfolio WEB/event-rental/src/data/mockData.js' implicitly has an 'any' type.
src/pages/Categories.tsx(18,26): error TS7006: Parameter 'cat' implicitly has an 'any' type.
src/pages/Items.tsx(3,31): error TS7016: Could not find a declaration file for module '../data/mockData'. 'C:/Users/admin/Desktop/Portfolio WEB/event-rental/src/data/mockData.js' implicitly has an 'any' type.
src/pages/Items.tsx(45,29): error TS7006: Parameter 'item' implicitly has an 'any' type.
src/pages/Landing.tsx(3,43): error TS7016: Could not find a declaration file for module '../data/mockData'. 'C:/Users/admin/Desktop/Portfolio WEB/event-rental/src/data/mockData.js' implicitly has an 'any' type.
src/pages/Landing.tsx(107,31): error TS7006: Parameter 'item' implicitly has an 'any' type.
src/pages/Landing.tsx(128,30): error TS7006: Parameter 'cat' implicitly has an 'any' type.
src/pages/Landing.tsx(166,46): error TS7006: Parameter 'item' implicitly has an 'any' type.
src/pages/Landing.tsx(166,52): error TS7006: Parameter 'i' implicitly has an 'any' type.
